// Jest Snapshot v1, https://goo.gl/fbAQLP

exports[`RoomList should render correctly 1`] = `undefined`;
